<?xml version="1.0" encoding="utf-8"?>
<CoverageSession xmlns:xsd="http://www.w3.org/2001/XMLSchema" xmlns:xsi="http://www.w3.org/2001/XMLSchema-instance">
  <Summary numSequencePoints="85" visitedSequencePoints="47" numBranchPoints="34" visitedBranchPoints="19" sequenceCoverage="55.29" branchCoverage="55.88" maxCyclomaticComplexity="2" minCyclomaticComplexity="1" visitedClasses="3" numClasses="3" visitedMethods="16" numMethods="22" />
  <Modules>
    <Module skippedDueTo="Filter" hash="36-41-41-6B-C9-39-5E-4C-C6-E6-11-A9-5C-05-1F-95-90-84-40-01">
      <ModulePath>C:\WINDOWS\Microsoft.Net\assembly\GAC_64\mscorlib\v4.0_4.0.0.0__b77a5c561934e089\mscorlib.dll</ModulePath>
      <ModuleTime>2019-04-11T01:28:29.3783937Z</ModuleTime>
      <ModuleName>mscorlib</ModuleName>
      <Classes />
    </Module>
    <Module skippedDueTo="Filter" hash="42-5D-0E-14-9A-00-93-21-57-8C-FC-8C-B0-3D-F9-C7-AF-CD-A3-02">
      <ModulePath>C:\Users\Admin\New folder\ProjectManager\packages\NUnit.ConsoleRunner.3.9.0\tools\nunit3-console.exe</ModulePath>
      <ModuleTime>2018-09-05T14:48:28Z</ModuleTime>
      <ModuleName>nunit3-console</ModuleName>
      <Classes />
    </Module>
    <Module skippedDueTo="Filter" hash="7C-0B-F7-1F-9F-00-68-EF-DA-4A-78-8F-2B-95-7B-23-E2-4E-59-B6">
      <ModulePath>C:\WINDOWS\Microsoft.Net\assembly\GAC_MSIL\System\v4.0_4.0.0.0__b77a5c561934e089\System.dll</ModulePath>
      <ModuleTime>2019-04-11T01:45:25.3358651Z</ModuleTime>
      <ModuleName>System</ModuleName>
      <Classes />
    </Module>
    <Module skippedDueTo="Filter" hash="0A-47-64-32-4B-83-DF-99-42-5A-C7-DE-DA-21-E5-6C-A1-90-50-AC">
      <ModulePath>C:\Users\Admin\New folder\ProjectManager\packages\NUnit.ConsoleRunner.3.9.0\tools\nunit.engine.api.dll</ModulePath>
      <ModuleTime>2018-09-05T14:48:28Z</ModuleTime>
      <ModuleName>nunit.engine.api</ModuleName>
      <Classes />
    </Module>
    <Module skippedDueTo="Filter" hash="D5-00-67-52-C5-AF-05-06-2D-35-DF-4F-C4-22-51-88-35-4A-CD-00">
      <ModulePath>C:\Users\Admin\New folder\ProjectManager\packages\NUnit.ConsoleRunner.3.9.0\tools\nunit.engine.dll</ModulePath>
      <ModuleTime>2018-09-05T14:48:28Z</ModuleTime>
      <ModuleName>nunit.engine</ModuleName>
      <Classes />
    </Module>
    <Module skippedDueTo="Filter" hash="D5-00-67-52-C5-AF-05-06-2D-35-DF-4F-C4-22-51-88-35-4A-CD-00">
      <ModulePath>C:\Users\Admin\New folder\ProjectManager\packages\NUnit.ConsoleRunner.3.9.0\tools\nunit.engine.dll</ModulePath>
      <ModuleTime>2018-09-05T14:48:28Z</ModuleTime>
      <ModuleName>nunit.engine</ModuleName>
      <Classes />
    </Module>
    <Module skippedDueTo="Filter" hash="F2-26-5B-FA-55-E9-5B-BC-DD-3A-32-56-2C-38-71-11-1A-8E-6D-32">
      <ModulePath>C:\WINDOWS\Microsoft.Net\assembly\GAC_MSIL\System.Xml\v4.0_4.0.0.0__b77a5c561934e089\System.Xml.dll</ModulePath>
      <ModuleTime>2018-04-11T23:35:17.0290261Z</ModuleTime>
      <ModuleName>System.Xml</ModuleName>
      <Classes />
    </Module>
    <Module skippedDueTo="Filter" hash="1C-14-6C-36-24-44-FD-FE-0D-97-15-5C-7C-62-31-AE-F8-9D-95-A9">
      <ModulePath>C:\WINDOWS\Microsoft.Net\assembly\GAC_64\System.Web\v4.0_4.0.0.0__b03f5f7f11d50a3a\System.Web.dll</ModulePath>
      <ModuleTime>2019-05-18T22:08:49.3287794Z</ModuleTime>
      <ModuleName>System.Web</ModuleName>
      <Classes />
    </Module>
    <Module skippedDueTo="Filter" hash="7C-26-06-1C-0A-29-02-E5-32-A6-26-CA-D2-F5-06-AA-A1-3B-9C-8F">
      <ModulePath>C:\Users\Admin\New folder\ProjectManager\packages\NUnit.ConsoleRunner.3.9.0\tools\Mono.Cecil.dll</ModulePath>
      <ModuleTime>2018-09-05T14:48:28Z</ModuleTime>
      <ModuleName>Mono.Cecil</ModuleName>
      <Classes />
    </Module>
    <Module skippedDueTo="Filter" hash="D6-F7-07-23-10-28-AF-AF-FD-23-71-4A-C6-9D-69-30-97-FB-25-29">
      <ModulePath>C:\WINDOWS\Microsoft.Net\assembly\GAC_MSIL\System.Core\v4.0_4.0.0.0__b77a5c561934e089\System.Core.dll</ModulePath>
      <ModuleTime>2019-05-18T22:09:23.3366616Z</ModuleTime>
      <ModuleName>System.Core</ModuleName>
      <Classes />
    </Module>
    <Module skippedDueTo="Filter" hash="B5-2C-52-19-7F-DE-8E-1A-EE-7C-F3-4D-31-FC-77-A2-C4-49-EE-AB">
      <ModulePath>C:\WINDOWS\Microsoft.Net\assembly\GAC_MSIL\System.Runtime.Remoting\v4.0_4.0.0.0__b77a5c561934e089\System.Runtime.Remoting.dll</ModulePath>
      <ModuleTime>2018-04-11T23:35:17.0134Z</ModuleTime>
      <ModuleName>System.Runtime.Remoting</ModuleName>
      <Classes />
    </Module>
    <Module skippedDueTo="Filter" hash="2A-F4-1C-14-5D-7A-74-B3-03-8B-1D-2A-59-DC-B6-BE-1D-C8-EF-54">
      <ModulePath>C:\WINDOWS\Microsoft.Net\assembly\GAC_MSIL\System.Configuration\v4.0_4.0.0.0__b03f5f7f11d50a3a\System.Configuration.dll</ModulePath>
      <ModuleTime>2018-04-11T23:35:16.9508953Z</ModuleTime>
      <ModuleName>System.Configuration</ModuleName>
      <Classes />
    </Module>
    <Module skippedDueTo="Filter" hash="36-41-41-6B-C9-39-5E-4C-C6-E6-11-A9-5C-05-1F-95-90-84-40-01">
      <ModulePath>C:\WINDOWS\Microsoft.Net\assembly\GAC_64\mscorlib\v4.0_4.0.0.0__b77a5c561934e089\mscorlib.dll</ModulePath>
      <ModuleTime>2019-04-11T01:28:29.3783937Z</ModuleTime>
      <ModuleName>mscorlib</ModuleName>
      <Classes />
    </Module>
    <Module skippedDueTo="Filter" hash="D0-28-87-1E-9F-96-03-5C-DD-6C-EE-2A-08-04-43-0E-24-28-FE-11">
      <ModulePath>C:\Users\Admin\New folder\ProjectManager\packages\NUnit.ConsoleRunner.3.9.0\tools\nunit-agent.exe</ModulePath>
      <ModuleTime>2018-09-05T14:48:28Z</ModuleTime>
      <ModuleName>nunit-agent</ModuleName>
      <Classes />
    </Module>
    <Module skippedDueTo="Filter" hash="0A-47-64-32-4B-83-DF-99-42-5A-C7-DE-DA-21-E5-6C-A1-90-50-AC">
      <ModulePath>C:\Users\Admin\New folder\ProjectManager\packages\NUnit.ConsoleRunner.3.9.0\tools\nunit.engine.api.dll</ModulePath>
      <ModuleTime>2018-09-05T14:48:28Z</ModuleTime>
      <ModuleName>nunit.engine.api</ModuleName>
      <Classes />
    </Module>
    <Module skippedDueTo="Filter" hash="D5-00-67-52-C5-AF-05-06-2D-35-DF-4F-C4-22-51-88-35-4A-CD-00">
      <ModulePath>C:\Users\Admin\New folder\ProjectManager\packages\NUnit.ConsoleRunner.3.9.0\tools\nunit.engine.dll</ModulePath>
      <ModuleTime>2018-09-05T14:48:28Z</ModuleTime>
      <ModuleName>nunit.engine</ModuleName>
      <Classes />
    </Module>
    <Module skippedDueTo="Filter" hash="7C-0B-F7-1F-9F-00-68-EF-DA-4A-78-8F-2B-95-7B-23-E2-4E-59-B6">
      <ModulePath>C:\WINDOWS\Microsoft.Net\assembly\GAC_MSIL\System\v4.0_4.0.0.0__b77a5c561934e089\System.dll</ModulePath>
      <ModuleTime>2019-04-11T01:45:25.3358651Z</ModuleTime>
      <ModuleName>System</ModuleName>
      <Classes />
    </Module>
    <Module skippedDueTo="Filter" hash="F2-26-5B-FA-55-E9-5B-BC-DD-3A-32-56-2C-38-71-11-1A-8E-6D-32">
      <ModulePath>C:\WINDOWS\Microsoft.Net\assembly\GAC_MSIL\System.Xml\v4.0_4.0.0.0__b77a5c561934e089\System.Xml.dll</ModulePath>
      <ModuleTime>2018-04-11T23:35:17.0290261Z</ModuleTime>
      <ModuleName>System.Xml</ModuleName>
      <Classes />
    </Module>
    <Module skippedDueTo="Filter" hash="1C-14-6C-36-24-44-FD-FE-0D-97-15-5C-7C-62-31-AE-F8-9D-95-A9">
      <ModulePath>C:\WINDOWS\Microsoft.Net\assembly\GAC_64\System.Web\v4.0_4.0.0.0__b03f5f7f11d50a3a\System.Web.dll</ModulePath>
      <ModuleTime>2019-05-18T22:08:49.3287794Z</ModuleTime>
      <ModuleName>System.Web</ModuleName>
      <Classes />
    </Module>
    <Module skippedDueTo="Filter" hash="7C-26-06-1C-0A-29-02-E5-32-A6-26-CA-D2-F5-06-AA-A1-3B-9C-8F">
      <ModulePath>C:\Users\Admin\New folder\ProjectManager\packages\NUnit.ConsoleRunner.3.9.0\tools\Mono.Cecil.dll</ModulePath>
      <ModuleTime>2018-09-05T14:48:28Z</ModuleTime>
      <ModuleName>Mono.Cecil</ModuleName>
      <Classes />
    </Module>
    <Module skippedDueTo="Filter" hash="D6-F7-07-23-10-28-AF-AF-FD-23-71-4A-C6-9D-69-30-97-FB-25-29">
      <ModulePath>C:\WINDOWS\Microsoft.Net\assembly\GAC_MSIL\System.Core\v4.0_4.0.0.0__b77a5c561934e089\System.Core.dll</ModulePath>
      <ModuleTime>2019-05-18T22:09:23.3366616Z</ModuleTime>
      <ModuleName>System.Core</ModuleName>
      <Classes />
    </Module>
    <Module skippedDueTo="Filter" hash="B5-2C-52-19-7F-DE-8E-1A-EE-7C-F3-4D-31-FC-77-A2-C4-49-EE-AB">
      <ModulePath>C:\WINDOWS\Microsoft.Net\assembly\GAC_MSIL\System.Runtime.Remoting\v4.0_4.0.0.0__b77a5c561934e089\System.Runtime.Remoting.dll</ModulePath>
      <ModuleTime>2018-04-11T23:35:17.0134Z</ModuleTime>
      <ModuleName>System.Runtime.Remoting</ModuleName>
      <Classes />
    </Module>
    <Module skippedDueTo="Filter" hash="2A-F4-1C-14-5D-7A-74-B3-03-8B-1D-2A-59-DC-B6-BE-1D-C8-EF-54">
      <ModulePath>C:\WINDOWS\Microsoft.Net\assembly\GAC_MSIL\System.Configuration\v4.0_4.0.0.0__b03f5f7f11d50a3a\System.Configuration.dll</ModulePath>
      <ModuleTime>2018-04-11T23:35:16.9508953Z</ModuleTime>
      <ModuleName>System.Configuration</ModuleName>
      <Classes />
    </Module>
    <Module skippedDueTo="Filter" hash="EE-92-34-AE-A6-A6-A8-2E-8A-34-A1-E4-20-3D-2A-23-C5-9D-D8-D2">
      <ModulePath>C:\Users\Admin\New folder\ProjectManager\ProjectManager.Test\bin\Release\nunit.framework.dll</ModulePath>
      <ModuleTime>2018-10-06T11:22:56Z</ModuleTime>
      <ModuleName>nunit.framework</ModuleName>
      <Classes />
    </Module>
    <Module skippedDueTo="Filter" hash="7C-0B-F7-1F-9F-00-68-EF-DA-4A-78-8F-2B-95-7B-23-E2-4E-59-B6">
      <ModulePath>C:\WINDOWS\Microsoft.Net\assembly\GAC_MSIL\System\v4.0_4.0.0.0__b77a5c561934e089\System.dll</ModulePath>
      <ModuleTime>2019-04-11T01:45:25.3358651Z</ModuleTime>
      <ModuleName>System</ModuleName>
      <Classes />
    </Module>
    <Module skippedDueTo="Filter" hash="D6-F7-07-23-10-28-AF-AF-FD-23-71-4A-C6-9D-69-30-97-FB-25-29">
      <ModulePath>C:\WINDOWS\Microsoft.Net\assembly\GAC_MSIL\System.Core\v4.0_4.0.0.0__b77a5c561934e089\System.Core.dll</ModulePath>
      <ModuleTime>2019-05-18T22:09:23.3366616Z</ModuleTime>
      <ModuleName>System.Core</ModuleName>
      <Classes />
    </Module>
    <Module skippedDueTo="Filter" hash="1C-14-6C-36-24-44-FD-FE-0D-97-15-5C-7C-62-31-AE-F8-9D-95-A9">
      <ModulePath>C:\WINDOWS\Microsoft.Net\assembly\GAC_64\System.Web\v4.0_4.0.0.0__b03f5f7f11d50a3a\System.Web.dll</ModulePath>
      <ModuleTime>2019-05-18T22:08:49.3287794Z</ModuleTime>
      <ModuleName>System.Web</ModuleName>
      <Classes />
    </Module>
    <Module skippedDueTo="Filter" hash="40-BD-36-E7-CC-29-DF-DD-01-08-A9-A0-0F-C5-D0-E2-19-51-C3-56">
      <ModulePath>C:\Users\Admin\New folder\ProjectManager\ProjectManager.Test\bin\Release\ProjectManager.Test.dll</ModulePath>
      <ModuleTime>2019-08-21T17:48:50.4021663Z</ModuleTime>
      <ModuleName>ProjectManager.Test</ModuleName>
      <Classes />
    </Module>
    <Module skippedDueTo="Filter" hash="AC-C3-A2-F1-C0-76-1F-1E-51-A3-B2-05-25-EA-0A-0F-BD-AD-9D-7D">
      <ModulePath>C:\Users\Admin\New folder\ProjectManager\ProjectManager.Test\bin\Release\NBench.dll</ModulePath>
      <ModuleTime>2018-07-24T16:50:44Z</ModuleTime>
      <ModuleName>NBench</ModuleName>
      <Classes />
    </Module>
    <Module skippedDueTo="Filter" hash="F2-26-5B-FA-55-E9-5B-BC-DD-3A-32-56-2C-38-71-11-1A-8E-6D-32">
      <ModulePath>C:\WINDOWS\Microsoft.Net\assembly\GAC_MSIL\System.Xml\v4.0_4.0.0.0__b77a5c561934e089\System.Xml.dll</ModulePath>
      <ModuleTime>2018-04-11T23:35:17.0290261Z</ModuleTime>
      <ModuleName>System.Xml</ModuleName>
      <Classes />
    </Module>
    <Module skippedDueTo="Filter" hash="ED-49-52-5B-66-AC-08-2F-70-4F-B9-18-71-33-A2-CC-D7-66-00-7C">
      <ModulePath>C:\Users\Admin\New folder\ProjectManager\ProjectManager.Test\bin\Release\ProjectManager.Persistence.dll</ModulePath>
      <ModuleTime>2019-08-21T17:48:46.768168Z</ModuleTime>
      <ModuleName>ProjectManager.Persistence</ModuleName>
      <Classes />
    </Module>
    <Module skippedDueTo="Filter" hash="C5-91-F7-24-74-EE-6C-65-D3-3F-C4-30-65-87-45-6D-38-2C-9C-AC">
      <ModulePath>C:\Users\Admin\New folder\ProjectManager\ProjectManager.Test\bin\Release\Moq.dll</ModulePath>
      <ModuleTime>2018-09-08T04:51:00Z</ModuleTime>
      <ModuleName>Moq</ModuleName>
      <Classes />
    </Module>
    <Module skippedDueTo="Filter" hash="12-3F-E3-10-D1-D0-35-93-2B-65-FA-C5-00-62-09-C4-DC-D6-92-BF">
      <ModulePath>C:\Users\Admin\New folder\ProjectManager\ProjectManager.Test\bin\Release\EntityFramework.dll</ModulePath>
      <ModuleTime>2017-10-23T07:45:18Z</ModuleTime>
      <ModuleName>EntityFramework</ModuleName>
      <Classes />
    </Module>
    <Module hash="71-B4-57-AE-8D-27-DA-35-70-5A-1E-07-02-A9-39-F2-B0-89-09-8F">
      <Summary numSequencePoints="85" visitedSequencePoints="47" numBranchPoints="34" visitedBranchPoints="19" sequenceCoverage="55.29" branchCoverage="55.88" maxCyclomaticComplexity="2" minCyclomaticComplexity="1" visitedClasses="3" numClasses="3" visitedMethods="16" numMethods="22" />
      <ModulePath>C:\Users\Admin\New folder\ProjectManager\ProjectManager.Test\bin\Release\ProjectManager.Business.dll</ModulePath>
      <ModuleTime>2019-08-21T17:48:49.6361667Z</ModuleTime>
      <ModuleName>ProjectManager.Business</ModuleName>
      <Files>
        <File uid="1" fullPath="C:\Users\Admin\New folder\ProjectManager\ProjectManager.Business\ProjectRepository.cs" />
        <File uid="2" fullPath="C:\Users\Admin\New folder\ProjectManager\ProjectManager.Business\TaskRepository.cs" />
        <File uid="3" fullPath="C:\Users\Admin\New folder\ProjectManager\ProjectManager.Business\UserRepository.cs" />
      </Files>
      <Classes>
        <Class>
          <Summary numSequencePoints="0" visitedSequencePoints="0" numBranchPoints="0" visitedBranchPoints="0" sequenceCoverage="0" branchCoverage="0" maxCyclomaticComplexity="0" minCyclomaticComplexity="0" visitedClasses="0" numClasses="0" visitedMethods="0" numMethods="0" />
          <FullName>&lt;Module&gt;</FullName>
          <Methods />
        </Class>
        <Class>
          <Summary numSequencePoints="30" visitedSequencePoints="15" numBranchPoints="12" visitedBranchPoints="6" sequenceCoverage="50" branchCoverage="50" maxCyclomaticComplexity="2" minCyclomaticComplexity="1" visitedClasses="1" numClasses="1" visitedMethods="5" numMethods="8" />
          <FullName>ProjectManager.Business.ProjectRepository</FullName>
          <Methods>
            <Method visited="true" cyclomaticComplexity="1" nPathComplexity="0" sequenceCoverage="100" branchCoverage="100" isConstructor="true" isStatic="false" isGetter="false" isSetter="false">
              <Summary numSequencePoints="3" visitedSequencePoints="3" numBranchPoints="1" visitedBranchPoints="1" sequenceCoverage="100" branchCoverage="100" maxCyclomaticComplexity="1" minCyclomaticComplexity="1" visitedClasses="0" numClasses="0" visitedMethods="1" numMethods="1" />
              <MetadataToken>100663297</MetadataToken>
              <Name>System.Void ProjectManager.Business.ProjectRepository::.ctor()</Name>
              <FileRef uid="1" />
              <SequencePoints>
                <SequencePoint vc="1" uspid="1" ordinal="0" offset="0" sl="14" sc="9" el="14" ec="35" bec="0" bev="0" fileid="1" />
                <SequencePoint vc="1" uspid="2" ordinal="1" offset="6" sl="16" sc="13" el="16" ec="62" bec="0" bev="0" fileid="1" />
                <SequencePoint vc="1" uspid="3" ordinal="2" offset="17" sl="17" sc="9" el="17" ec="10" bec="0" bev="0" fileid="1" />
              </SequencePoints>
              <BranchPoints />
              <MethodPoint xsi:type="SequencePoint" vc="1" uspid="1" ordinal="0" offset="0" sl="14" sc="9" el="14" ec="35" bec="0" bev="0" fileid="1" />
            </Method>
            <Method visited="true" cyclomaticComplexity="1" nPathComplexity="0" sequenceCoverage="100" branchCoverage="100" isConstructor="true" isStatic="false" isGetter="false" isSetter="false">
              <Summary numSequencePoints="3" visitedSequencePoints="3" numBranchPoints="1" visitedBranchPoints="1" sequenceCoverage="100" branchCoverage="100" maxCyclomaticComplexity="1" minCyclomaticComplexity="1" visitedClasses="0" numClasses="0" visitedMethods="1" numMethods="1" />
              <MetadataToken>100663298</MetadataToken>
              <Name>System.Void ProjectManager.Business.ProjectRepository::.ctor(ProjectManager.Persistence.ProjectManagerContext)</Name>
              <FileRef uid="1" />
              <SequencePoints>
                <SequencePoint vc="6" uspid="4" ordinal="0" offset="0" sl="18" sc="9" el="18" ec="64" bec="0" bev="0" fileid="1" />
                <SequencePoint vc="6" uspid="5" ordinal="1" offset="6" sl="20" sc="13" el="20" ec="32" bec="0" bev="0" fileid="1" />
                <SequencePoint vc="6" uspid="6" ordinal="2" offset="13" sl="21" sc="9" el="21" ec="10" bec="0" bev="0" fileid="1" />
              </SequencePoints>
              <BranchPoints />
              <MethodPoint xsi:type="SequencePoint" vc="6" uspid="4" ordinal="0" offset="0" sl="18" sc="9" el="18" ec="64" bec="0" bev="0" fileid="1" />
            </Method>
            <Method visited="true" cyclomaticComplexity="1" nPathComplexity="0" sequenceCoverage="66.67" branchCoverage="100" isConstructor="false" isStatic="false" isGetter="false" isSetter="false">
              <Summary numSequencePoints="6" visitedSequencePoints="4" numBranchPoints="1" visitedBranchPoints="1" sequenceCoverage="66.67" branchCoverage="100" maxCyclomaticComplexity="1" minCyclomaticComplexity="1" visitedClasses="0" numClasses="0" visitedMethods="1" numMethods="1" />
              <MetadataToken>100663299</MetadataToken>
              <Name>System.Boolean ProjectManager.Business.ProjectRepository::AddProject(ProjectManager.Persistence.Project)</Name>
              <FileRef uid="1" />
              <SequencePoints>
                <SequencePoint vc="1" uspid="7" ordinal="0" offset="0" sl="27" sc="17" el="27" ec="48" bec="0" bev="0" fileid="1" />
                <SequencePoint vc="1" uspid="8" ordinal="1" offset="18" sl="28" sc="17" el="28" ec="40" bec="0" bev="0" fileid="1" />
                <SequencePoint vc="1" uspid="9" ordinal="2" offset="30" sl="29" sc="17" el="29" ec="29" bec="0" bev="0" fileid="1" />
                <SequencePoint vc="0" uspid="10" ordinal="3" offset="34" sl="31" sc="13" el="31" ec="41" bec="0" bev="0" fileid="1" />
                <SequencePoint vc="0" uspid="11" ordinal="4" offset="35" sl="34" sc="17" el="34" ec="63" bec="0" bev="0" fileid="1" />
                <SequencePoint vc="1" uspid="12" ordinal="5" offset="46" sl="36" sc="9" el="36" ec="10" bec="0" bev="0" fileid="1" />
              </SequencePoints>
              <BranchPoints />
              <MethodPoint xsi:type="SequencePoint" vc="1" uspid="7" ordinal="0" offset="0" sl="27" sc="17" el="27" ec="48" bec="0" bev="0" fileid="1" />
            </Method>
            <Method visited="false" cyclomaticComplexity="1" nPathComplexity="0" sequenceCoverage="0" branchCoverage="0" isConstructor="false" isStatic="false" isGetter="false" isSetter="false">
              <Summary numSequencePoints="2" visitedSequencePoints="0" numBranchPoints="1" visitedBranchPoints="0" sequenceCoverage="0" branchCoverage="0" maxCyclomaticComplexity="1" minCyclomaticComplexity="1" visitedClasses="0" numClasses="0" visitedMethods="0" numMethods="1" />
              <MetadataToken>100663300</MetadataToken>
              <Name>ProjectManager.Persistence.Project ProjectManager.Business.ProjectRepository::GetProject(System.Int32)</Name>
              <FileRef uid="1" />
              <SequencePoints>
                <SequencePoint vc="0" uspid="13" ordinal="0" offset="0" sl="39" sc="13" el="39" ec="60" bec="0" bev="0" fileid="1" />
                <SequencePoint vc="0" uspid="14" ordinal="1" offset="31" sl="40" sc="13" el="40" ec="27" bec="0" bev="0" fileid="1" />
              </SequencePoints>
              <BranchPoints />
              <MethodPoint xsi:type="SequencePoint" vc="0" uspid="13" ordinal="0" offset="0" sl="39" sc="13" el="39" ec="60" bec="0" bev="0" fileid="1" />
            </Method>
            <Method visited="false" cyclomaticComplexity="2" nPathComplexity="2" sequenceCoverage="0" branchCoverage="0" isConstructor="false" isStatic="false" isGetter="false" isSetter="false">
              <Summary numSequencePoints="6" visitedSequencePoints="0" numBranchPoints="3" visitedBranchPoints="0" sequenceCoverage="0" branchCoverage="0" maxCyclomaticComplexity="2" minCyclomaticComplexity="2" visitedClasses="0" numClasses="0" visitedMethods="0" numMethods="1" />
              <MetadataToken>100663301</MetadataToken>
              <Name>System.Boolean ProjectManager.Business.ProjectRepository::SuspendProject(System.Int32)</Name>
              <FileRef uid="1" />
              <SequencePoints>
                <SequencePoint vc="0" uspid="15" ordinal="0" offset="0" sl="44" sc="13" el="44" ec="60" bec="0" bev="0" fileid="1" />
                <SequencePoint vc="0" uspid="16" ordinal="1" offset="32" sl="45" sc="13" el="45" ec="32" bec="2" bev="0" fileid="1" />
                <SequencePoint vc="0" uspid="17" ordinal="2" offset="35" sl="47" sc="17" el="47" ec="30" bec="0" bev="0" fileid="1" />
                <SequencePoint vc="0" uspid="18" ordinal="3" offset="37" sl="49" sc="13" el="49" ec="46" bec="0" bev="0" fileid="1" />
                <SequencePoint vc="0" uspid="19" ordinal="4" offset="55" sl="50" sc="13" el="50" ec="36" bec="0" bev="0" fileid="1" />
                <SequencePoint vc="0" uspid="20" ordinal="5" offset="67" sl="52" sc="13" el="52" ec="25" bec="0" bev="0" fileid="1" />
              </SequencePoints>
              <BranchPoints>
                <BranchPoint vc="0" uspid="21" ordinal="0" offset="33" sl="45" path="0" offsetend="35" fileid="1" />
                <BranchPoint vc="0" uspid="22" ordinal="1" offset="33" sl="45" path="1" offsetend="37" fileid="1" />
              </BranchPoints>
              <MethodPoint xsi:type="SequencePoint" vc="0" uspid="15" ordinal="0" offset="0" sl="44" sc="13" el="44" ec="60" bec="0" bev="0" fileid="1" />
            </Method>
            <Method visited="true" cyclomaticComplexity="1" nPathComplexity="0" sequenceCoverage="100" branchCoverage="100" isConstructor="false" isStatic="false" isGetter="false" isSetter="false">
              <Summary numSequencePoints="2" visitedSequencePoints="2" numBranchPoints="1" visitedBranchPoints="1" sequenceCoverage="100" branchCoverage="100" maxCyclomaticComplexity="1" minCyclomaticComplexity="1" visitedClasses="0" numClasses="0" visitedMethods="1" numMethods="1" />
              <MetadataToken>100663302</MetadataToken>
              <Name>System.Collections.Generic.List`1&lt;ProjectManager.Persistence.Project&gt; ProjectManager.Business.ProjectRepository::GetAllProjects()</Name>
              <FileRef uid="1" />
              <SequencePoints>
                <SequencePoint vc="6" uspid="23" ordinal="0" offset="0" sl="56" sc="13" el="56" ec="60" bec="0" bev="0" fileid="1" />
                <SequencePoint vc="6" uspid="24" ordinal="1" offset="16" sl="57" sc="13" el="57" ec="25" bec="0" bev="0" fileid="1" />
              </SequencePoints>
              <BranchPoints />
              <MethodPoint xsi:type="SequencePoint" vc="6" uspid="23" ordinal="0" offset="0" sl="56" sc="13" el="56" ec="60" bec="0" bev="0" fileid="1" />
            </Method>
            <Method visited="false" cyclomaticComplexity="1" nPathComplexity="0" sequenceCoverage="0" branchCoverage="0" isConstructor="false" isStatic="false" isGetter="false" isSetter="false">
              <Summary numSequencePoints="2" visitedSequencePoints="0" numBranchPoints="1" visitedBranchPoints="0" sequenceCoverage="0" branchCoverage="0" maxCyclomaticComplexity="1" minCyclomaticComplexity="1" visitedClasses="0" numClasses="0" visitedMethods="0" numMethods="1" />
              <MetadataToken>100663303</MetadataToken>
              <Name>System.Int32 ProjectManager.Business.ProjectRepository::GetNumTasks(System.Int32)</Name>
              <FileRef uid="1" />
              <SequencePoints>
                <SequencePoint vc="0" uspid="25" ordinal="0" offset="13" sl="62" sc="13" el="62" ec="87" bec="0" bev="0" fileid="1" />
                <SequencePoint vc="0" uspid="26" ordinal="1" offset="127" sl="64" sc="13" el="64" ec="28" bec="0" bev="0" fileid="1" />
              </SequencePoints>
              <BranchPoints />
              <MethodPoint vc="0" uspid="27" ordinal="0" offset="0" />
            </Method>
            <Method visited="true" cyclomaticComplexity="2" nPathComplexity="2" sequenceCoverage="50" branchCoverage="66.67" isConstructor="false" isStatic="false" isGetter="false" isSetter="false">
              <Summary numSequencePoints="6" visitedSequencePoints="3" numBranchPoints="3" visitedBranchPoints="2" sequenceCoverage="50" branchCoverage="66.67" maxCyclomaticComplexity="2" minCyclomaticComplexity="2" visitedClasses="0" numClasses="0" visitedMethods="1" numMethods="1" />
              <MetadataToken>100663304</MetadataToken>
              <Name>System.Boolean ProjectManager.Business.ProjectRepository::UpdateProject(System.Int32,ProjectManager.Persistence.Project)</Name>
              <FileRef uid="1" />
              <SequencePoints>
                <SequencePoint vc="1" uspid="28" ordinal="0" offset="0" sl="68" sc="13" el="68" ec="60" bec="0" bev="0" fileid="1" />
                <SequencePoint vc="1" uspid="29" ordinal="1" offset="32" sl="69" sc="13" el="69" ec="32" bec="2" bev="1" fileid="1" />
                <SequencePoint vc="1" uspid="30" ordinal="2" offset="35" sl="71" sc="17" el="71" ec="30" bec="0" bev="0" fileid="1" />
                <SequencePoint vc="0" uspid="31" ordinal="3" offset="37" sl="74" sc="13" el="74" ec="69" bec="0" bev="0" fileid="1" />
                <SequencePoint vc="0" uspid="32" ordinal="4" offset="60" sl="75" sc="13" el="75" ec="36" bec="0" bev="0" fileid="1" />
                <SequencePoint vc="0" uspid="33" ordinal="5" offset="72" sl="77" sc="13" el="77" ec="25" bec="0" bev="0" fileid="1" />
              </SequencePoints>
              <BranchPoints>
                <BranchPoint vc="1" uspid="34" ordinal="0" offset="33" sl="69" path="0" offsetend="35" fileid="1" />
                <BranchPoint vc="0" uspid="35" ordinal="1" offset="33" sl="69" path="1" offsetend="37" fileid="1" />
              </BranchPoints>
              <MethodPoint xsi:type="SequencePoint" vc="1" uspid="28" ordinal="0" offset="0" sl="68" sc="13" el="68" ec="60" bec="0" bev="0" fileid="1" />
            </Method>
          </Methods>
        </Class>
        <Class>
          <Summary numSequencePoints="0" visitedSequencePoints="0" numBranchPoints="0" visitedBranchPoints="0" sequenceCoverage="0" branchCoverage="0" maxCyclomaticComplexity="1" minCyclomaticComplexity="1" visitedClasses="0" numClasses="0" visitedMethods="0" numMethods="0" />
          <FullName>ProjectManager.Business.ProjectRepository/&lt;&gt;c__DisplayClass7_0</FullName>
          <Methods>
            <Method visited="false" cyclomaticComplexity="1" nPathComplexity="0" sequenceCoverage="0" branchCoverage="0" isConstructor="true" isStatic="false" isGetter="false" isSetter="false">
              <Summary numSequencePoints="0" visitedSequencePoints="0" numBranchPoints="0" visitedBranchPoints="0" sequenceCoverage="0" branchCoverage="0" maxCyclomaticComplexity="1" minCyclomaticComplexity="1" visitedClasses="0" numClasses="0" visitedMethods="0" numMethods="0" />
              <MetadataToken>100663319</MetadataToken>
              <Name>System.Void ProjectManager.Business.ProjectRepository/&lt;&gt;c__DisplayClass7_0::.ctor()</Name>
              <SequencePoints />
              <BranchPoints />
              <MethodPoint vc="0" uspid="36" ordinal="0" offset="0" />
            </Method>
          </Methods>
        </Class>
        <Class>
          <Summary numSequencePoints="28" visitedSequencePoints="15" numBranchPoints="11" visitedBranchPoints="6" sequenceCoverage="53.57" branchCoverage="54.55" maxCyclomaticComplexity="2" minCyclomaticComplexity="1" visitedClasses="1" numClasses="1" visitedMethods="5" numMethods="7" />
          <FullName>ProjectManager.Business.TaskRepository</FullName>
          <Methods>
            <Method visited="true" cyclomaticComplexity="1" nPathComplexity="0" sequenceCoverage="100" branchCoverage="100" isConstructor="true" isStatic="false" isGetter="false" isSetter="false">
              <Summary numSequencePoints="3" visitedSequencePoints="3" numBranchPoints="1" visitedBranchPoints="1" sequenceCoverage="100" branchCoverage="100" maxCyclomaticComplexity="1" minCyclomaticComplexity="1" visitedClasses="0" numClasses="0" visitedMethods="1" numMethods="1" />
              <MetadataToken>100663305</MetadataToken>
              <Name>System.Void ProjectManager.Business.TaskRepository::.ctor()</Name>
              <FileRef uid="2" />
              <SequencePoints>
                <SequencePoint vc="1" uspid="37" ordinal="0" offset="0" sl="13" sc="9" el="13" ec="32" bec="0" bev="0" fileid="2" />
                <SequencePoint vc="1" uspid="38" ordinal="1" offset="6" sl="15" sc="13" el="15" ec="62" bec="0" bev="0" fileid="2" />
                <SequencePoint vc="1" uspid="39" ordinal="2" offset="17" sl="17" sc="9" el="17" ec="10" bec="0" bev="0" fileid="2" />
              </SequencePoints>
              <BranchPoints />
              <MethodPoint xsi:type="SequencePoint" vc="1" uspid="37" ordinal="0" offset="0" sl="13" sc="9" el="13" ec="32" bec="0" bev="0" fileid="2" />
            </Method>
            <Method visited="true" cyclomaticComplexity="1" nPathComplexity="0" sequenceCoverage="100" branchCoverage="100" isConstructor="true" isStatic="false" isGetter="false" isSetter="false">
              <Summary numSequencePoints="3" visitedSequencePoints="3" numBranchPoints="1" visitedBranchPoints="1" sequenceCoverage="100" branchCoverage="100" maxCyclomaticComplexity="1" minCyclomaticComplexity="1" visitedClasses="0" numClasses="0" visitedMethods="1" numMethods="1" />
              <MetadataToken>100663306</MetadataToken>
              <Name>System.Void ProjectManager.Business.TaskRepository::.ctor(ProjectManager.Persistence.ProjectManagerContext)</Name>
              <FileRef uid="2" />
              <SequencePoints>
                <SequencePoint vc="6" uspid="40" ordinal="0" offset="0" sl="18" sc="9" el="18" ec="61" bec="0" bev="0" fileid="2" />
                <SequencePoint vc="6" uspid="41" ordinal="1" offset="6" sl="20" sc="13" el="20" ec="32" bec="0" bev="0" fileid="2" />
                <SequencePoint vc="6" uspid="42" ordinal="2" offset="13" sl="21" sc="9" el="21" ec="10" bec="0" bev="0" fileid="2" />
              </SequencePoints>
              <BranchPoints />
              <MethodPoint xsi:type="SequencePoint" vc="6" uspid="40" ordinal="0" offset="0" sl="18" sc="9" el="18" ec="61" bec="0" bev="0" fileid="2" />
            </Method>
            <Method visited="true" cyclomaticComplexity="1" nPathComplexity="0" sequenceCoverage="66.67" branchCoverage="100" isConstructor="false" isStatic="false" isGetter="false" isSetter="false">
              <Summary numSequencePoints="6" visitedSequencePoints="4" numBranchPoints="1" visitedBranchPoints="1" sequenceCoverage="66.67" branchCoverage="100" maxCyclomaticComplexity="1" minCyclomaticComplexity="1" visitedClasses="0" numClasses="0" visitedMethods="1" numMethods="1" />
              <MetadataToken>100663307</MetadataToken>
              <Name>System.Boolean ProjectManager.Business.TaskRepository::AddTask(ProjectManager.Persistence.Task)</Name>
              <FileRef uid="2" />
              <SequencePoints>
                <SequencePoint vc="1" uspid="43" ordinal="0" offset="0" sl="26" sc="17" el="26" ec="42" bec="0" bev="0" fileid="2" />
                <SequencePoint vc="1" uspid="44" ordinal="1" offset="18" sl="27" sc="17" el="27" ec="40" bec="0" bev="0" fileid="2" />
                <SequencePoint vc="1" uspid="45" ordinal="2" offset="30" sl="28" sc="17" el="28" ec="29" bec="0" bev="0" fileid="2" />
                <SequencePoint vc="0" uspid="46" ordinal="3" offset="34" sl="30" sc="13" el="30" ec="41" bec="0" bev="0" fileid="2" />
                <SequencePoint vc="0" uspid="47" ordinal="4" offset="35" sl="33" sc="17" el="33" ec="60" bec="0" bev="0" fileid="2" />
                <SequencePoint vc="1" uspid="48" ordinal="5" offset="46" sl="36" sc="9" el="36" ec="10" bec="0" bev="0" fileid="2" />
              </SequencePoints>
              <BranchPoints />
              <MethodPoint xsi:type="SequencePoint" vc="1" uspid="43" ordinal="0" offset="0" sl="26" sc="17" el="26" ec="42" bec="0" bev="0" fileid="2" />
            </Method>
            <Method visited="false" cyclomaticComplexity="1" nPathComplexity="0" sequenceCoverage="0" branchCoverage="0" isConstructor="false" isStatic="false" isGetter="false" isSetter="false">
              <Summary numSequencePoints="2" visitedSequencePoints="0" numBranchPoints="1" visitedBranchPoints="0" sequenceCoverage="0" branchCoverage="0" maxCyclomaticComplexity="1" minCyclomaticComplexity="1" visitedClasses="0" numClasses="0" visitedMethods="0" numMethods="1" />
              <MetadataToken>100663308</MetadataToken>
              <Name>ProjectManager.Persistence.User ProjectManager.Business.TaskRepository::GetTask(System.Int32)</Name>
              <FileRef uid="2" />
              <SequencePoints>
                <SequencePoint vc="0" uspid="49" ordinal="0" offset="0" sl="39" sc="13" el="39" ec="54" bec="0" bev="0" fileid="2" />
                <SequencePoint vc="0" uspid="50" ordinal="1" offset="31" sl="40" sc="13" el="40" ec="27" bec="0" bev="0" fileid="2" />
              </SequencePoints>
              <BranchPoints />
              <MethodPoint xsi:type="SequencePoint" vc="0" uspid="49" ordinal="0" offset="0" sl="39" sc="13" el="39" ec="54" bec="0" bev="0" fileid="2" />
            </Method>
            <Method visited="false" cyclomaticComplexity="2" nPathComplexity="2" sequenceCoverage="0" branchCoverage="0" isConstructor="false" isStatic="false" isGetter="false" isSetter="false">
              <Summary numSequencePoints="6" visitedSequencePoints="0" numBranchPoints="3" visitedBranchPoints="0" sequenceCoverage="0" branchCoverage="0" maxCyclomaticComplexity="2" minCyclomaticComplexity="2" visitedClasses="0" numClasses="0" visitedMethods="0" numMethods="1" />
              <MetadataToken>100663309</MetadataToken>
              <Name>System.Boolean ProjectManager.Business.TaskRepository::DeleteTask(System.Int32)</Name>
              <FileRef uid="2" />
              <SequencePoints>
                <SequencePoint vc="0" uspid="51" ordinal="0" offset="0" sl="44" sc="13" el="44" ec="54" bec="0" bev="0" fileid="2" />
                <SequencePoint vc="0" uspid="52" ordinal="1" offset="32" sl="45" sc="13" el="45" ec="32" bec="2" bev="0" fileid="2" />
                <SequencePoint vc="0" uspid="53" ordinal="2" offset="35" sl="47" sc="17" el="47" ec="30" bec="0" bev="0" fileid="2" />
                <SequencePoint vc="0" uspid="54" ordinal="3" offset="37" sl="49" sc="13" el="49" ec="43" bec="0" bev="0" fileid="2" />
                <SequencePoint vc="0" uspid="55" ordinal="4" offset="55" sl="50" sc="13" el="50" ec="36" bec="0" bev="0" fileid="2" />
                <SequencePoint vc="0" uspid="56" ordinal="5" offset="67" sl="52" sc="13" el="52" ec="25" bec="0" bev="0" fileid="2" />
              </SequencePoints>
              <BranchPoints>
                <BranchPoint vc="0" uspid="57" ordinal="0" offset="33" sl="45" path="0" offsetend="35" fileid="2" />
                <BranchPoint vc="0" uspid="58" ordinal="1" offset="33" sl="45" path="1" offsetend="37" fileid="2" />
              </BranchPoints>
              <MethodPoint xsi:type="SequencePoint" vc="0" uspid="51" ordinal="0" offset="0" sl="44" sc="13" el="44" ec="54" bec="0" bev="0" fileid="2" />
            </Method>
            <Method visited="true" cyclomaticComplexity="1" nPathComplexity="0" sequenceCoverage="100" branchCoverage="100" isConstructor="false" isStatic="false" isGetter="false" isSetter="false">
              <Summary numSequencePoints="2" visitedSequencePoints="2" numBranchPoints="1" visitedBranchPoints="1" sequenceCoverage="100" branchCoverage="100" maxCyclomaticComplexity="1" minCyclomaticComplexity="1" visitedClasses="0" numClasses="0" visitedMethods="1" numMethods="1" />
              <MetadataToken>100663310</MetadataToken>
              <Name>System.Collections.Generic.List`1&lt;ProjectManager.Persistence.Task&gt; ProjectManager.Business.TaskRepository::GetAllTasks()</Name>
              <FileRef uid="2" />
              <SequencePoints>
                <SequencePoint vc="6" uspid="59" ordinal="0" offset="0" sl="56" sc="13" el="56" ec="54" bec="0" bev="0" fileid="2" />
                <SequencePoint vc="6" uspid="60" ordinal="1" offset="16" sl="57" sc="13" el="57" ec="25" bec="0" bev="0" fileid="2" />
              </SequencePoints>
              <BranchPoints />
              <MethodPoint xsi:type="SequencePoint" vc="6" uspid="59" ordinal="0" offset="0" sl="56" sc="13" el="56" ec="54" bec="0" bev="0" fileid="2" />
            </Method>
            <Method visited="true" cyclomaticComplexity="2" nPathComplexity="2" sequenceCoverage="50" branchCoverage="66.67" isConstructor="false" isStatic="false" isGetter="false" isSetter="false">
              <Summary numSequencePoints="6" visitedSequencePoints="3" numBranchPoints="3" visitedBranchPoints="2" sequenceCoverage="50" branchCoverage="66.67" maxCyclomaticComplexity="2" minCyclomaticComplexity="2" visitedClasses="0" numClasses="0" visitedMethods="1" numMethods="1" />
              <MetadataToken>100663311</MetadataToken>
              <Name>System.Boolean ProjectManager.Business.TaskRepository::UpdateTask(System.Int32,ProjectManager.Persistence.Task)</Name>
              <FileRef uid="2" />
              <SequencePoints>
                <SequencePoint vc="1" uspid="61" ordinal="0" offset="0" sl="61" sc="13" el="61" ec="54" bec="0" bev="0" fileid="2" />
                <SequencePoint vc="1" uspid="62" ordinal="1" offset="32" sl="62" sc="13" el="62" ec="32" bec="2" bev="1" fileid="2" />
                <SequencePoint vc="1" uspid="63" ordinal="2" offset="35" sl="64" sc="17" el="64" ec="30" bec="0" bev="0" fileid="2" />
                <SequencePoint vc="0" uspid="64" ordinal="3" offset="37" sl="67" sc="13" el="67" ec="66" bec="0" bev="0" fileid="2" />
                <SequencePoint vc="0" uspid="65" ordinal="4" offset="60" sl="68" sc="13" el="68" ec="36" bec="0" bev="0" fileid="2" />
                <SequencePoint vc="0" uspid="66" ordinal="5" offset="72" sl="70" sc="13" el="70" ec="25" bec="0" bev="0" fileid="2" />
              </SequencePoints>
              <BranchPoints>
                <BranchPoint vc="1" uspid="67" ordinal="0" offset="33" sl="62" path="0" offsetend="35" fileid="2" />
                <BranchPoint vc="0" uspid="68" ordinal="1" offset="33" sl="62" path="1" offsetend="37" fileid="2" />
              </BranchPoints>
              <MethodPoint xsi:type="SequencePoint" vc="1" uspid="61" ordinal="0" offset="0" sl="61" sc="13" el="61" ec="54" bec="0" bev="0" fileid="2" />
            </Method>
          </Methods>
        </Class>
        <Class>
          <Summary numSequencePoints="27" visitedSequencePoints="17" numBranchPoints="11" visitedBranchPoints="7" sequenceCoverage="62.96" branchCoverage="63.64" maxCyclomaticComplexity="2" minCyclomaticComplexity="1" visitedClasses="1" numClasses="1" visitedMethods="6" numMethods="7" />
          <FullName>ProjectManager.Business.UserRepository</FullName>
          <Methods>
            <Method visited="true" cyclomaticComplexity="1" nPathComplexity="0" sequenceCoverage="100" branchCoverage="100" isConstructor="true" isStatic="false" isGetter="false" isSetter="false">
              <Summary numSequencePoints="3" visitedSequencePoints="3" numBranchPoints="1" visitedBranchPoints="1" sequenceCoverage="100" branchCoverage="100" maxCyclomaticComplexity="1" minCyclomaticComplexity="1" visitedClasses="0" numClasses="0" visitedMethods="1" numMethods="1" />
              <MetadataToken>100663312</MetadataToken>
              <Name>System.Void ProjectManager.Business.UserRepository::.ctor()</Name>
              <FileRef uid="3" />
              <SequencePoints>
                <SequencePoint vc="1" uspid="69" ordinal="0" offset="0" sl="12" sc="9" el="12" ec="32" bec="0" bev="0" fileid="3" />
                <SequencePoint vc="1" uspid="70" ordinal="1" offset="6" sl="14" sc="13" el="14" ec="62" bec="0" bev="0" fileid="3" />
                <SequencePoint vc="1" uspid="71" ordinal="2" offset="17" sl="16" sc="9" el="16" ec="10" bec="0" bev="0" fileid="3" />
              </SequencePoints>
              <BranchPoints />
              <MethodPoint xsi:type="SequencePoint" vc="1" uspid="69" ordinal="0" offset="0" sl="12" sc="9" el="12" ec="32" bec="0" bev="0" fileid="3" />
            </Method>
            <Method visited="true" cyclomaticComplexity="1" nPathComplexity="0" sequenceCoverage="100" branchCoverage="100" isConstructor="true" isStatic="false" isGetter="false" isSetter="false">
              <Summary numSequencePoints="3" visitedSequencePoints="3" numBranchPoints="1" visitedBranchPoints="1" sequenceCoverage="100" branchCoverage="100" maxCyclomaticComplexity="1" minCyclomaticComplexity="1" visitedClasses="0" numClasses="0" visitedMethods="1" numMethods="1" />
              <MetadataToken>100663313</MetadataToken>
              <Name>System.Void ProjectManager.Business.UserRepository::.ctor(ProjectManager.Persistence.ProjectManagerContext)</Name>
              <FileRef uid="3" />
              <SequencePoints>
                <SequencePoint vc="7" uspid="72" ordinal="0" offset="0" sl="17" sc="9" el="17" ec="61" bec="0" bev="0" fileid="3" />
                <SequencePoint vc="7" uspid="73" ordinal="1" offset="6" sl="19" sc="13" el="19" ec="32" bec="0" bev="0" fileid="3" />
                <SequencePoint vc="7" uspid="74" ordinal="2" offset="13" sl="20" sc="9" el="20" ec="10" bec="0" bev="0" fileid="3" />
              </SequencePoints>
              <BranchPoints />
              <MethodPoint xsi:type="SequencePoint" vc="7" uspid="72" ordinal="0" offset="0" sl="17" sc="9" el="17" ec="61" bec="0" bev="0" fileid="3" />
            </Method>
            <Method visited="true" cyclomaticComplexity="1" nPathComplexity="0" sequenceCoverage="80" branchCoverage="100" isConstructor="false" isStatic="false" isGetter="false" isSetter="false">
              <Summary numSequencePoints="5" visitedSequencePoints="4" numBranchPoints="1" visitedBranchPoints="1" sequenceCoverage="80" branchCoverage="100" maxCyclomaticComplexity="1" minCyclomaticComplexity="1" visitedClasses="0" numClasses="0" visitedMethods="1" numMethods="1" />
              <MetadataToken>100663314</MetadataToken>
              <Name>System.Boolean ProjectManager.Business.UserRepository::AddUser(ProjectManager.Persistence.User)</Name>
              <FileRef uid="3" />
              <SequencePoints>
                <SequencePoint vc="1" uspid="75" ordinal="0" offset="0" sl="25" sc="17" el="25" ec="42" bec="0" bev="0" fileid="3" />
                <SequencePoint vc="1" uspid="76" ordinal="1" offset="18" sl="26" sc="17" el="26" ec="40" bec="0" bev="0" fileid="3" />
                <SequencePoint vc="1" uspid="77" ordinal="2" offset="30" sl="27" sc="17" el="27" ec="29" bec="0" bev="0" fileid="3" />
                <SequencePoint vc="0" uspid="78" ordinal="3" offset="34" sl="32" sc="17" el="32" ec="49" bec="0" bev="0" fileid="3" />
                <SequencePoint vc="1" uspid="79" ordinal="4" offset="45" sl="35" sc="9" el="35" ec="10" bec="0" bev="0" fileid="3" />
              </SequencePoints>
              <BranchPoints />
              <MethodPoint xsi:type="SequencePoint" vc="1" uspid="75" ordinal="0" offset="0" sl="25" sc="17" el="25" ec="42" bec="0" bev="0" fileid="3" />
            </Method>
            <Method visited="true" cyclomaticComplexity="1" nPathComplexity="0" sequenceCoverage="100" branchCoverage="100" isConstructor="false" isStatic="false" isGetter="false" isSetter="false">
              <Summary numSequencePoints="2" visitedSequencePoints="2" numBranchPoints="1" visitedBranchPoints="1" sequenceCoverage="100" branchCoverage="100" maxCyclomaticComplexity="1" minCyclomaticComplexity="1" visitedClasses="0" numClasses="0" visitedMethods="1" numMethods="1" />
              <MetadataToken>100663315</MetadataToken>
              <Name>ProjectManager.Persistence.User ProjectManager.Business.UserRepository::GetUser(System.Int32)</Name>
              <FileRef uid="3" />
              <SequencePoints>
                <SequencePoint vc="1" uspid="80" ordinal="0" offset="0" sl="38" sc="13" el="38" ec="53" bec="0" bev="0" fileid="3" />
                <SequencePoint vc="1" uspid="81" ordinal="1" offset="31" sl="39" sc="13" el="39" ec="27" bec="0" bev="0" fileid="3" />
              </SequencePoints>
              <BranchPoints />
              <MethodPoint xsi:type="SequencePoint" vc="1" uspid="80" ordinal="0" offset="0" sl="38" sc="13" el="38" ec="53" bec="0" bev="0" fileid="3" />
            </Method>
            <Method visited="false" cyclomaticComplexity="2" nPathComplexity="2" sequenceCoverage="0" branchCoverage="0" isConstructor="false" isStatic="false" isGetter="false" isSetter="false">
              <Summary numSequencePoints="6" visitedSequencePoints="0" numBranchPoints="3" visitedBranchPoints="0" sequenceCoverage="0" branchCoverage="0" maxCyclomaticComplexity="2" minCyclomaticComplexity="2" visitedClasses="0" numClasses="0" visitedMethods="0" numMethods="1" />
              <MetadataToken>100663316</MetadataToken>
              <Name>System.Boolean ProjectManager.Business.UserRepository::DeleteUser(System.Int32)</Name>
              <FileRef uid="3" />
              <SequencePoints>
                <SequencePoint vc="0" uspid="82" ordinal="0" offset="0" sl="43" sc="13" el="43" ec="53" bec="0" bev="0" fileid="3" />
                <SequencePoint vc="0" uspid="83" ordinal="1" offset="32" sl="44" sc="13" el="44" ec="32" bec="2" bev="0" fileid="3" />
                <SequencePoint vc="0" uspid="84" ordinal="2" offset="35" sl="46" sc="17" el="46" ec="30" bec="0" bev="0" fileid="3" />
                <SequencePoint vc="0" uspid="85" ordinal="3" offset="37" sl="48" sc="13" el="48" ec="43" bec="0" bev="0" fileid="3" />
                <SequencePoint vc="0" uspid="86" ordinal="4" offset="55" sl="49" sc="13" el="49" ec="36" bec="0" bev="0" fileid="3" />
                <SequencePoint vc="0" uspid="87" ordinal="5" offset="67" sl="51" sc="13" el="51" ec="25" bec="0" bev="0" fileid="3" />
              </SequencePoints>
              <BranchPoints>
                <BranchPoint vc="0" uspid="88" ordinal="0" offset="33" sl="44" path="0" offsetend="35" fileid="3" />
                <BranchPoint vc="0" uspid="89" ordinal="1" offset="33" sl="44" path="1" offsetend="37" fileid="3" />
              </BranchPoints>
              <MethodPoint xsi:type="SequencePoint" vc="0" uspid="82" ordinal="0" offset="0" sl="43" sc="13" el="43" ec="53" bec="0" bev="0" fileid="3" />
            </Method>
            <Method visited="true" cyclomaticComplexity="1" nPathComplexity="0" sequenceCoverage="100" branchCoverage="100" isConstructor="false" isStatic="false" isGetter="false" isSetter="false">
              <Summary numSequencePoints="2" visitedSequencePoints="2" numBranchPoints="1" visitedBranchPoints="1" sequenceCoverage="100" branchCoverage="100" maxCyclomaticComplexity="1" minCyclomaticComplexity="1" visitedClasses="0" numClasses="0" visitedMethods="1" numMethods="1" />
              <MetadataToken>100663317</MetadataToken>
              <Name>System.Collections.Generic.List`1&lt;ProjectManager.Persistence.User&gt; ProjectManager.Business.UserRepository::GetAllUsers()</Name>
              <FileRef uid="3" />
              <SequencePoints>
                <SequencePoint vc="6" uspid="90" ordinal="0" offset="0" sl="55" sc="13" el="55" ec="54" bec="0" bev="0" fileid="3" />
                <SequencePoint vc="6" uspid="91" ordinal="1" offset="16" sl="56" sc="13" el="56" ec="25" bec="0" bev="0" fileid="3" />
              </SequencePoints>
              <BranchPoints />
              <MethodPoint xsi:type="SequencePoint" vc="6" uspid="90" ordinal="0" offset="0" sl="55" sc="13" el="55" ec="54" bec="0" bev="0" fileid="3" />
            </Method>
            <Method visited="true" cyclomaticComplexity="2" nPathComplexity="2" sequenceCoverage="50" branchCoverage="66.67" isConstructor="false" isStatic="false" isGetter="false" isSetter="false">
              <Summary numSequencePoints="6" visitedSequencePoints="3" numBranchPoints="3" visitedBranchPoints="2" sequenceCoverage="50" branchCoverage="66.67" maxCyclomaticComplexity="2" minCyclomaticComplexity="2" visitedClasses="0" numClasses="0" visitedMethods="1" numMethods="1" />
              <MetadataToken>100663318</MetadataToken>
              <Name>System.Boolean ProjectManager.Business.UserRepository::UpdateUser(System.Int32,ProjectManager.Persistence.User)</Name>
              <FileRef uid="3" />
              <SequencePoints>
                <SequencePoint vc="1" uspid="92" ordinal="0" offset="0" sl="60" sc="13" el="60" ec="53" bec="0" bev="0" fileid="3" />
                <SequencePoint vc="1" uspid="93" ordinal="1" offset="32" sl="61" sc="13" el="61" ec="32" bec="2" bev="1" fileid="3" />
                <SequencePoint vc="1" uspid="94" ordinal="2" offset="35" sl="63" sc="17" el="63" ec="30" bec="0" bev="0" fileid="3" />
                <SequencePoint vc="0" uspid="95" ordinal="3" offset="37" sl="67" sc="13" el="67" ec="66" bec="0" bev="0" fileid="3" />
                <SequencePoint vc="0" uspid="96" ordinal="4" offset="60" sl="68" sc="13" el="68" ec="36" bec="0" bev="0" fileid="3" />
                <SequencePoint vc="0" uspid="97" ordinal="5" offset="72" sl="70" sc="13" el="70" ec="25" bec="0" bev="0" fileid="3" />
              </SequencePoints>
              <BranchPoints>
                <BranchPoint vc="1" uspid="98" ordinal="0" offset="33" sl="61" path="0" offsetend="35" fileid="3" />
                <BranchPoint vc="0" uspid="99" ordinal="1" offset="33" sl="61" path="1" offsetend="37" fileid="3" />
              </BranchPoints>
              <MethodPoint xsi:type="SequencePoint" vc="1" uspid="92" ordinal="0" offset="0" sl="60" sc="13" el="60" ec="53" bec="0" bev="0" fileid="3" />
            </Method>
          </Methods>
        </Class>
      </Classes>
    </Module>
    <Module skippedDueTo="Filter" hash="04-E9-C9-8D-81-2A-18-0D-95-44-41-F4-12-25-FF-D6-EB-6E-D6-0A">
      <ModulePath>C:\Users\Admin\New folder\ProjectManager\ProjectManager.Test\bin\Release\Castle.Core.dll</ModulePath>
      <ModuleTime>2018-06-20T09:37:38Z</ModuleTime>
      <ModuleName>Castle.Core</ModuleName>
      <Classes />
    </Module>
    <Module skippedDueTo="Filter" hash="2A-F4-1C-14-5D-7A-74-B3-03-8B-1D-2A-59-DC-B6-BE-1D-C8-EF-54">
      <ModulePath>C:\WINDOWS\Microsoft.Net\assembly\GAC_MSIL\System.Configuration\v4.0_4.0.0.0__b03f5f7f11d50a3a\System.Configuration.dll</ModulePath>
      <ModuleTime>2018-04-11T23:35:16.9508953Z</ModuleTime>
      <ModuleName>System.Configuration</ModuleName>
      <Classes />
    </Module>
    <Module skippedDueTo="Filter" hash="9C-75-55-9F-AD-D5-06-26-64-CB-04-EC-20-DB-A3-7F-FE-FD-2E-4E">
      <ModulePath>C:\Users\Admin\New folder\ProjectManager\ProjectManager.Test\bin\Release\System.Threading.Tasks.Extensions.dll</ModulePath>
      <ModuleTime>2016-11-04T23:27:24Z</ModuleTime>
      <ModuleName>System.Threading.Tasks.Extensions</ModuleName>
      <Classes />
    </Module>
    <Module skippedDueTo="Filter" hash="F1-67-10-FE-CA-06-2B-45-18-C0-DB-E8-DB-07-A4-7E-5B-25-BD-51">
      <ModulePath>C:\WINDOWS\Microsoft.Net\assembly\GAC_MSIL\System.Runtime\v4.0_4.0.0.0__b03f5f7f11d50a3a\System.Runtime.dll</ModulePath>
      <ModuleTime>2018-04-11T23:35:18.1697369Z</ModuleTime>
      <ModuleName>System.Runtime</ModuleName>
      <Classes />
    </Module>
    <Module skippedDueTo="Filter" hash="A1-EF-AE-EF-F6-7F-A8-E1-6A-92-21-98-48-E4-0F-17-08-CE-17-AF">
      <ModulePath>C:\WINDOWS\Microsoft.Net\assembly\GAC_MSIL\System.ValueTuple\v4.0_4.0.0.0__cc7b13ffcd2ddd51\System.ValueTuple.dll</ModulePath>
      <ModuleTime>2018-04-11T23:35:18.2634939Z</ModuleTime>
      <ModuleName>System.ValueTuple</ModuleName>
      <Classes />
    </Module>
    <Module skippedDueTo="Filter" hash="">
      <ModulePath>RefEmit_InMemoryManifestModule</ModulePath>
      <ModuleTime>0001-01-01T00:00:00</ModuleTime>
      <ModuleName>DynamicProxyGenAssembly2</ModuleName>
      <Classes />
    </Module>
    <Module skippedDueTo="Filter" hash="">
      <ModulePath>RefEmit_InMemoryManifestModule</ModulePath>
      <ModuleTime>0001-01-01T00:00:00</ModuleTime>
      <ModuleName>DynamicProxyGenAssembly2</ModuleName>
      <Classes />
    </Module>
    <Module skippedDueTo="Filter" hash="7F-FF-EF-06-DF-CE-91-04-E3-81-6A-68-B2-5D-E7-3C-77-96-E6-18">
      <ModulePath>C:\WINDOWS\Microsoft.Net\assembly\GAC_64\System.Data\v4.0_4.0.0.0__b77a5c561934e089\System.Data.dll</ModulePath>
      <ModuleTime>2018-10-11T06:37:59.992928Z</ModuleTime>
      <ModuleName>System.Data</ModuleName>
      <Classes />
    </Module>
    <Module skippedDueTo="Filter" hash="9D-8C-F0-38-93-AA-F9-80-7F-99-3F-48-55-49-21-AF-A0-81-85-9F">
      <ModulePath>C:\Users\Admin\New folder\ProjectManager\ProjectManager.Test\bin\Release\EntityFramework.SqlServer.dll</ModulePath>
      <ModuleTime>2017-10-23T07:45:20Z</ModuleTime>
      <ModuleName>EntityFramework.SqlServer</ModuleName>
      <Classes />
    </Module>
    <Module skippedDueTo="Filter" hash="">
      <ModulePath>RefEmit_InMemoryManifestModule</ModulePath>
      <ModuleTime>0001-01-01T00:00:00</ModuleTime>
      <ModuleName>Anonymously Hosted DynamicMethods Assembly</ModuleName>
      <Classes />
    </Module>
  </Modules>
</CoverageSession>